// Jest Snapshot v1, https://goo.gl/fbAQLP

exports[`Header has correct title 1`] = `
<Header__Head>
  <Header__Title>
    Euclid
  </Header__Title>
  <Header__SearchArea>
    <ErrorBoundary
      FallbackComponent={[Function]}
    >
      <Connect(GetTickersSearchField) />
    </ErrorBoundary>
  </Header__SearchArea>
</Header__Head>
`;
